[2026-10-05 06:37:39 UTC] [SECRETARY BOT] Starting document consolidation...
Consolidated: /home/tim/miniconda/conda-meta/initial-state.explicit.txt
Consolidated: /home/tim/miniconda/LICENSE.txt
Consolidated: /home/tim/miniconda/pkgs/urls.txt
Consolidated: /home/tim/dragon-9-master-studio/client/README.md
Consolidated: /home/tim/yad-calendar.txt
Consolidated: /home/tim/scripts_archive/studio_audit_report.txt
Consolidated: /home/tim/Documents/README.md
Consolidated: /home/tim/Fooocus/config_modification_tutorial.txt
Consolidated: /home/tim/Fooocus/requirements_docker.txt
Consolidated: /home/tim/Fooocus/update_log.md
Consolidated: /home/tim/Fooocus/requirements_versions.txt
Consolidated: /home/tim/Fooocus/readme.md
Consolidated: /home/tim/Fooocus/troubleshoot.md
Consolidated: /home/tim/Fooocus/development.md
Consolidated: /home/tim/Fooocus/wildcards/artist.txt
Consolidated: /home/tim/Fooocus/wildcards/animal.txt
Consolidated: /home/tim/Fooocus/wildcards/flower.txt
Consolidated: /home/tim/Fooocus/wildcards/nationality.txt
Consolidated: /home/tim/Fooocus/wildcards/color_flower.txt
Consolidated: /home/tim/Fooocus/wildcards/extended-color.txt
Consolidated: /home/tim/Fooocus/wildcards/color.txt
Consolidated: /home/tim/Fooocus/config.txt
Consolidated: /home/tim/Fooocus/docker.md
Consolidated: /home/tim/consolidated-repos/fluidmotion-radio/README.md
Consolidated: /home/tim/consolidated-repos/music-instruments/README.md
Consolidated: /home/tim/ACCESS_ENDPOINTS.md
Consolidated: /home/tim/MasterStudioServer/smart-asset/README.md
Consolidated: /home/tim/MasterStudioServer/media-factory/README.md
Consolidated: /home/tim/Desktop/night-fish/README.md
Consolidated: /home/tim/Desktop/pdfs/sitemap.pdf
Consolidated: /home/tim/Desktop/pdfs/Search results - fluidmotiontv@gmail.com - Gmai4l.pdf
Consolidated: /home/tim/Desktop/pdfs/DawnEngine_Scenic_Edit_Technical_Brief (1).pdf
Consolidated: /home/tim/Desktop/pdfs/DawnEngine_Scenic_Edit_Technical_Brief.pdf
Consolidated: /home/tim/Desktop/pdfs/Dragon 9 _ 3D Resonance.pdf
Consolidated: /home/tim/Desktop/pdfs/The Fluid Motion of the Future _ Ebook Reader.pdf
Consolidated: /home/tim/Desktop/pdfs/1341924570.pdf
Consolidated: /home/tim/Desktop/pdfs/1341801788.pdf
Consolidated: /home/tim/Desktop/pdfs/1345278034.pdf
Consolidated: /home/tim/Desktop/pdfs/3D Lotus Musical Fidget Spinner & Piano.pdf
Consolidated: /home/tim/Desktop/pdfs/forfluidmotion..pdf
Consolidated: /home/tim/Desktop/pdfs/Dolphin-logo.pdf
Consolidated: /home/tim/Desktop/pdfs/1345372278.pdf
Consolidated: /home/tim/Desktop/pdfs/Dragon 9 _ Sovereign Plasma Filament Sandbox.pdf
Consolidated: /home/tim/Desktop/pdfs/Dragon 9 Site Map.pdf
Consolidated: /home/tim/Desktop/pdfs/1342774323 (1).pdf
Consolidated: /home/tim/Desktop/pdfs/Search results - fluidmotiontv@gmail.com - Gmail.pdf
Consolidated: /home/tim/Desktop/forfluidmotion..pdf
Consolidated: /home/tim/workspace/core/dragon9_progress_ledger.md
Consolidated: /home/tim/node_modules/safe-buffer/README.md
Consolidated: /home/tim/node_modules/etag/README.md
Consolidated: /home/tim/node_modules/etag/HISTORY.md
Consolidated: /home/tim/node_modules/safer-buffer/Porting-Buffer.md
Consolidated: /home/tim/node_modules/safer-buffer/Readme.md
Consolidated: /home/tim/node_modules/mime-types/README.md
Consolidated: /home/tim/node_modules/mime-types/HISTORY.md
Consolidated: /home/tim/node_modules/dotenv/CHANGELOG.md
Consolidated: /home/tim/node_modules/dotenv/SECURITY.md
Consolidated: /home/tim/node_modules/dotenv/README-es.md
Consolidated: /home/tim/node_modules/dotenv/README.md
Consolidated: /home/tim/node_modules/object-assign/readme.md
Consolidated: /home/tim/node_modules/setprototypeof/README.md
Consolidated: /home/tim/node_modules/destroy/README.md
Consolidated: /home/tim/node_modules/array-flatten/README.md
Consolidated: /home/tim/node_modules/gopd/CHANGELOG.md
Consolidated: /home/tim/node_modules/gopd/README.md
Consolidated: /home/tim/node_modules/semver/README.md
Consolidated: /home/tim/node_modules/jsonwebtoken/README.md
Consolidated: /home/tim/node_modules/negotiator/README.md
Consolidated: /home/tim/node_modules/negotiator/HISTORY.md
Consolidated: /home/tim/node_modules/function-bind/CHANGELOG.md
Consolidated: /home/tim/node_modules/function-bind/README.md
Consolidated: /home/tim/node_modules/jwa/README.md
Consolidated: /home/tim/node_modules/lodash.isinteger/README.md
Consolidated: /home/tim/node_modules/lodash.isplainobject/README.md
Consolidated: /home/tim/node_modules/ee-first/README.md
Consolidated: /home/tim/node_modules/debug/CHANGELOG.md
Consolidated: /home/tim/node_modules/debug/README.md
Consolidated: /home/tim/node_modules/parseurl/README.md
Consolidated: /home/tim/node_modules/parseurl/HISTORY.md
Consolidated: /home/tim/node_modules/inherits/README.md
Consolidated: /home/tim/node_modules/content-type/README.md
Consolidated: /home/tim/node_modules/content-type/HISTORY.md
Consolidated: /home/tim/node_modules/lodash.isboolean/README.md
Consolidated: /home/tim/node_modules/media-typer/README.md
Consolidated: /home/tim/node_modules/media-typer/HISTORY.md
Consolidated: /home/tim/node_modules/get-intrinsic/CHANGELOG.md
Consolidated: /home/tim/node_modules/get-intrinsic/README.md
Consolidated: /home/tim/node_modules/get-proto/CHANGELOG.md
Consolidated: /home/tim/node_modules/get-proto/README.md
Consolidated: /home/tim/node_modules/cookie-signature/History.md
Consolidated: /home/tim/node_modules/cookie-signature/Readme.md
Consolidated: /home/tim/node_modules/ip-address/README.md
Consolidated: /home/tim/node_modules/forwarded/README.md
Consolidated: /home/tim/node_modules/forwarded/HISTORY.md
Consolidated: /home/tim/node_modules/finalhandler/SECURITY.md
Consolidated: /home/tim/node_modules/finalhandler/README.md
Consolidated: /home/tim/node_modules/finalhandler/HISTORY.md
Consolidated: /home/tim/node_modules/es-define-property/CHANGELOG.md
Consolidated: /home/tim/node_modules/es-define-property/README.md
Consolidated: /home/tim/node_modules/has-symbols/CHANGELOG.md
Consolidated: /home/tim/node_modules/has-symbols/README.md
Consolidated: /home/tim/node_modules/raw-body/README.md
Consolidated: /home/tim/node_modules/cookie/SECURITY.md
Consolidated: /home/tim/node_modules/cookie/README.md
Consolidated: /home/tim/node_modules/es-object-atoms/CHANGELOG.md
Consolidated: /home/tim/node_modules/es-object-atoms/README.md
Consolidated: /home/tim/node_modules/side-channel-list/CHANGELOG.md
Consolidated: /home/tim/node_modules/side-channel-list/README.md
Consolidated: /home/tim/node_modules/send/SECURITY.md
Consolidated: /home/tim/node_modules/send/README.md
Consolidated: /home/tim/node_modules/send/HISTORY.md
Consolidated: /home/tim/node_modules/serve-static/README.md
Consolidated: /home/tim/node_modules/serve-static/HISTORY.md
Consolidated: /home/tim/node_modules/jws/readme.md
Consolidated: /home/tim/node_modules/jws/CHANGELOG.md
Consolidated: /home/tim/node_modules/qs/LICENSE.md
Consolidated: /home/tim/node_modules/qs/CHANGELOG.md
Consolidated: /home/tim/node_modules/qs/README.md
Consolidated: /home/tim/node_modules/express/History.md
Consolidated: /home/tim/node_modules/express/Readme.md
Consolidated: /home/tim/node_modules/lodash.isstring/README.md
Consolidated: /home/tim/node_modules/vary/README.md
Consolidated: /home/tim/node_modules/vary/HISTORY.md
Consolidated: /home/tim/node_modules/cors/README.md
Consolidated: /home/tim/node_modules/range-parser/README.md
Consolidated: /home/tim/node_modules/range-parser/HISTORY.md
Consolidated: /home/tim/node_modules/ipaddr.js/README.md
Consolidated: /home/tim/node_modules/call-bound/CHANGELOG.md
Consolidated: /home/tim/node_modules/call-bound/README.md
Consolidated: /home/tim/node_modules/path-to-regexp/Readme.md
Consolidated: /home/tim/node_modules/body-parser/README.md
Consolidated: /home/tim/node_modules/body-parser/HISTORY.md
Consolidated: /home/tim/node_modules/bytes/History.md
Consolidated: /home/tim/node_modules/bytes/Readme.md
Consolidated: /home/tim/node_modules/express-rate-limit/readme.md
Consolidated: /home/tim/node_modules/type-is/README.md
Consolidated: /home/tim/node_modules/type-is/HISTORY.md
Consolidated: /home/tim/node_modules/side-channel-weakmap/CHANGELOG.md
Consolidated: /home/tim/node_modules/side-channel-weakmap/README.md
Consolidated: /home/tim/node_modules/utils-merge/README.md
Consolidated: /home/tim/node_modules/lodash.isnumber/README.md
Consolidated: /home/tim/node_modules/object-inspect/CHANGELOG.md
Consolidated: /home/tim/node_modules/escape-html/Readme.md
Consolidated: /home/tim/node_modules/lodash.includes/README.md
Consolidated: /home/tim/node_modules/ecdsa-sig-formatter/README.md
Consolidated: /home/tim/node_modules/fresh/README.md
Consolidated: /home/tim/node_modules/fresh/HISTORY.md
Consolidated: /home/tim/node_modules/hasown/CHANGELOG.md
Consolidated: /home/tim/node_modules/hasown/README.md
Consolidated: /home/tim/node_modules/iconv-lite/README.md
Consolidated: /home/tim/node_modules/iconv-lite/Changelog.md
Consolidated: /home/tim/node_modules/dunder-proto/CHANGELOG.md
Consolidated: /home/tim/node_modules/dunder-proto/README.md
Consolidated: /home/tim/node_modules/side-channel-map/CHANGELOG.md
Consolidated: /home/tim/node_modules/side-channel-map/README.md
Consolidated: /home/tim/node_modules/methods/README.md
Consolidated: /home/tim/node_modules/methods/HISTORY.md
Consolidated: /home/tim/node_modules/buffer-equal-constant-time/README.md
Consolidated: /home/tim/node_modules/buffer-equal-constant-time/LICENSE.txt
Consolidated: /home/tim/node_modules/merge-descriptors/README.md
Consolidated: /home/tim/node_modules/merge-descriptors/HISTORY.md
Consolidated: /home/tim/node_modules/es-errors/CHANGELOG.md
Consolidated: /home/tim/node_modules/es-errors/README.md
Consolidated: /home/tim/node_modules/http-errors/README.md
Consolidated: /home/tim/node_modules/http-errors/HISTORY.md
Consolidated: /home/tim/node_modules/lodash.once/README.md
Consolidated: /home/tim/node_modules/toidentifier/README.md
Consolidated: /home/tim/node_modules/toidentifier/HISTORY.md
Consolidated: /home/tim/node_modules/side-channel/CHANGELOG.md
Consolidated: /home/tim/node_modules/side-channel/README.md
Consolidated: /home/tim/node_modules/proxy-addr/README.md
Consolidated: /home/tim/node_modules/proxy-addr/HISTORY.md
Consolidated: /home/tim/node_modules/encodeurl/README.md
Consolidated: /home/tim/node_modules/content-disposition/README.md
Consolidated: /home/tim/node_modules/content-disposition/HISTORY.md
Consolidated: /home/tim/node_modules/depd/History.md
Consolidated: /home/tim/node_modules/depd/Readme.md
Consolidated: /home/tim/node_modules/accepts/README.md
Consolidated: /home/tim/node_modules/accepts/HISTORY.md
Consolidated: /home/tim/node_modules/unpipe/README.md
Consolidated: /home/tim/node_modules/unpipe/HISTORY.md
Consolidated: /home/tim/node_modules/on-finished/README.md
Consolidated: /home/tim/node_modules/on-finished/HISTORY.md
Consolidated: /home/tim/node_modules/statuses/README.md
Consolidated: /home/tim/node_modules/statuses/HISTORY.md
Consolidated: /home/tim/node_modules/ws/README.md
Consolidated: /home/tim/node_modules/mime-db/README.md
Consolidated: /home/tim/node_modules/mime-db/HISTORY.md
Consolidated: /home/tim/node_modules/math-intrinsics/CHANGELOG.md
Consolidated: /home/tim/node_modules/math-intrinsics/README.md
Consolidated: /home/tim/node_modules/mime/CHANGELOG.md
Consolidated: /home/tim/node_modules/mime/README.md
Consolidated: /home/tim/node_modules/ms/readme.md
Consolidated: /home/tim/node_modules/ms/license.md
Consolidated: /home/tim/node_modules/call-bind-apply-helpers/CHANGELOG.md
Consolidated: /home/tim/node_modules/call-bind-apply-helpers/README.md
Consolidated: /home/tim/Downloads/plasmaFutureart.pdf
Consolidated: /home/tim/Downloads/INTEGRATION_GUIDE.md
Consolidated: /home/tim/Downloads/user_pasted_clipboard_long_content_as_file_@license  S.txt
Consolidated: /home/tim/Downloads/Dragon9_SuperPuff_act_03_jikan_gire_180Sec_ProductionScript.md
Consolidated: /home/tim/Downloads/Fluid_Motion_Future_Sample_Chapters.txt
Consolidated: /home/tim/Downloads/radio_talkback_remix_script_1785234972557.txt
Consolidated: /home/tim/Downloads/Dragon9_SuperPuff_act_01_threshold_60Sec_ProductionScript.md
Consolidated: /home/tim/Downloads/Fluid_Motion_Future_Sample_Chapters (1).txt
Consolidated: /home/tim/Downloads/radio_talkback_remix_script_1783806596946.txt
Consolidated: /home/tim/Downloads/INTEGRATION_GUIDE.pdf
Consolidated: /home/tim/Downloads/radio_talkback_remix_script_1785234969830.txt
Consolidated: /home/tim/Downloads/fluidmotiontv_chronicle_1789799808840.md
Consolidated: /home/tim/Downloads/hyperpulse_telemetry_app_masterpiece_report.md
Consolidated: /home/tim/Downloads/Catalyst_Election-Manifesto_v2607_Web.pdf
Consolidated: /home/tim/Downloads/Fluid_Motion_Future_Sample_Chapters (3).txt
Consolidated: /home/tim/Downloads/technical_audit_blueprint_1786970531706.md
Consolidated: /home/tim/Downloads/Fluid_Motion_Future_Sample_Chapters (2).txt
Consolidated: /home/tim/Downloads/technical_audit_blueprint_1788043278549.md
Consolidated: /home/tim/studio_project/ShortGPT/README-Docker.md
Consolidated: /home/tim/studio_project/ShortGPT/installation-notes.md
Consolidated: /home/tim/studio_project/ShortGPT/CHANGES.txt
Consolidated: /home/tim/studio_project/ShortGPT/README.md
Consolidated: /home/tim/studio_project/ShortGPT/requirements.txt
Consolidated: /home/tim/studio_project/README.md
Consolidated: /home/tim/studio_project/studio_audit_report.txt
Consolidated: /home/tim/studio_project/data/pdf_inventory.txt
Consolidated: /home/tim/studio_project/MANUAL_DEPLOY.md
Consolidated: /home/tim/studio_project/04_config/horizon_engine_url.txt
Consolidated: /home/tim/dragon9_workspace/logs/drive_audit_report.txt
[2026-10-05 06:37:40 UTC] [SECRETARY BOT] Document consolidation complete. Saved to /home/tim/dragon9_workspace/documents
